// Jest Snapshot v1, https://goo.gl/fbAQLP

exports[`decorators Union generates a oneOf definition 1`] = `
Object {
  "components": Object {
    "schemas": Object {
      "Foo": Object {
        "properties": Object {
          "bar": Object {
            "oneOf": Array [
              Object {
                "type": "string",
              },
              Object {
                "type": "number",
              },
            ],
          },
        },
        "required": Array [
          "bar",
        ],
        "type": "object",
      },
    },
  },
  "info": Object {
    "contact": Object {},
    "description": "",
    "title": "",
    "version": "1.0.0",
  },
  "openapi": "3.0.0",
  "paths": Object {
    "/": Object {
      "get": Object {
        "operationId": "FixtureController_fixture",
        "parameters": Array [],
        "responses": Object {
          "default": Object {
            "content": Object {
              "application/json": Object {
                "schema": Object {
                  "$ref": "#/components/schemas/Foo",
                },
              },
            },
            "description": "",
          },
        },
      },
    },
  },
  "servers": Array [],
  "tags": Array [],
}
`;
